2026-08-05 19:22:22.999 [main] INFO  Freerouting v1.9.0 (build-date: 2023-10-30)
2026-08-05 19:22:23.019 [main] INFO  Settings were loaded from freerouting.json
2026-08-05 19:22:24.037 [main] INFO  Opening '/tmp/hat.dsn'...
2026-08-05 19:22:24.465 [ForkJoinPool.commonPool-worker-1] INFO  New version available: v2.2.4
2026-08-05 19:22:45.808 [Thread-20] INFO  Starting auto-routing...
2026-08-05 19:22:53.331 [Thread-20] INFO  Auto-routing was completed in 7.52 seconds.
2026-08-05 19:22:53.440 [Thread-20] INFO  Starting route optimization on 1 thread...
2026-08-05 19:22:54.606 [Thread-20] INFO  Route optimization was completed in 1.17 seconds.
2026-08-05 19:22:54.610 [Thread-20] INFO  Saving '/tmp/hat.ses'...
2026-08-05 19:24:16.910 [main] INFO  Freerouting v1.9.0 (build-date: 2023-10-30)
2026-08-05 19:24:16.931 [main] INFO  Settings were loaded from freerouting.json
2026-08-05 19:24:17.945 [main] INFO  Opening '/tmp/hat.dsn'...
2026-08-05 19:24:18.572 [ForkJoinPool.commonPool-worker-1] INFO  New version available: v2.2.4
2026-08-05 19:24:39.526 [Thread-20] INFO  Starting auto-routing...
2026-08-05 19:24:46.205 [Thread-20] INFO  Auto-routing was completed in 6.68 seconds.
2026-08-05 19:24:46.315 [Thread-20] INFO  Starting route optimization on 1 thread...
2026-08-05 19:25:44.999 [Thread-20] INFO  Route optimization was completed in 58.68 seconds and it improved the design by ~49.37%.
2026-08-05 19:25:45.003 [Thread-20] INFO  Saving '/tmp/hat.ses'...
2026-08-05 19:26:38.520 [main] INFO  Freerouting v1.9.0 (build-date: 2023-10-30)
2026-08-05 19:26:38.539 [main] INFO  Settings were loaded from freerouting.json
2026-08-05 19:26:39.554 [main] INFO  Opening '/tmp/hat.dsn'...
2026-08-05 19:26:40.045 [ForkJoinPool.commonPool-worker-1] INFO  New version available: v2.2.4
2026-08-05 19:27:01.172 [Thread-20] INFO  Starting auto-routing...
2026-08-05 19:27:06.446 [Thread-20] INFO  Auto-routing was completed in 5.27 seconds.
2026-08-05 19:27:06.556 [Thread-20] INFO  Starting route optimization on 1 thread...
2026-08-05 19:28:19.428 [Thread-20] INFO  Route optimization was completed in 1 minute(s) 12.87 seconds and it improved the design by ~51.92%.
2026-08-05 19:28:19.432 [Thread-20] INFO  Saving '/tmp/hat.ses'...
2026-08-05 19:28:50.708 [main] INFO  Freerouting v1.9.0 (build-date: 2023-10-30)
2026-08-05 19:28:50.728 [main] INFO  Settings were loaded from freerouting.json
2026-08-05 19:28:51.749 [main] INFO  Opening '/tmp/hat.dsn'...
2026-08-05 19:28:52.317 [ForkJoinPool.commonPool-worker-1] INFO  New version available: v2.2.4
2026-08-05 19:29:13.335 [Thread-20] INFO  Starting auto-routing...
2026-08-05 19:29:19.257 [Thread-20] WARN  There were only 14.70 changes in the last 20 passes, so it's very likely that autorouter can't improve the result much further. It is recommended to stop it and finish the board manually.
2026-08-05 19:29:19.642 [Thread-20] WARN  There were only 10.43 changes in the last 40 passes, so it's very likely that autorouter can't improve the result much further. It is recommended to stop it and finish the board manually.
2026-08-05 19:29:19.748 [Thread-20] INFO  Auto-routing was completed in 6.41 seconds.
2026-08-05 19:29:19.856 [Thread-20] INFO  Starting route optimization on 1 thread...
2026-08-05 19:29:21.091 [Thread-20] INFO  Route optimization was completed in 1.24 seconds.
2026-08-05 19:29:21.097 [Thread-20] INFO  Saving '/tmp/hat.ses'...
2026-08-05 19:29:52.583 [main] INFO  Freerouting v1.9.0 (build-date: 2023-10-30)
2026-08-05 19:29:52.602 [main] INFO  Settings were loaded from freerouting.json
2026-08-05 19:29:53.620 [main] INFO  Opening '/tmp/hat.dsn'...
2026-08-05 19:29:54.040 [ForkJoinPool.commonPool-worker-1] INFO  New version available: v2.2.4
2026-08-05 19:30:15.203 [Thread-20] INFO  Starting auto-routing...
2026-08-05 19:30:26.834 [Thread-20] WARN  There were only 17.05 changes in the last 20 passes, so it's very likely that autorouter can't improve the result much further. It is recommended to stop it and finish the board manually.
2026-08-05 19:30:32.523 [Thread-20] WARN  There were only 7.30 changes in the last 40 passes, so it's very likely that autorouter can't improve the result much further. It is recommended to stop it and finish the board manually.
2026-08-05 19:30:38.235 [Thread-20] WARN  There were only 4.53 changes in the last 60 passes, so it's very likely that autorouter can't improve the result much further. It is recommended to stop it and finish the board manually.
2026-08-05 19:30:43.933 [Thread-20] WARN  There were only 3.66 changes in the last 80 passes, so it's very likely that autorouter can't improve the result much further. It is recommended to stop it and finish the board manually.
2026-08-05 19:30:47.447 [Thread-20] INFO  Auto-routing was completed in 32.24 seconds.
2026-08-05 19:30:47.558 [Thread-20] INFO  Starting route optimization on 1 thread...
2026-08-05 19:30:48.770 [Thread-20] INFO  Route optimization was completed in 1.21 seconds.
2026-08-05 19:30:48.775 [Thread-20] INFO  Saving '/tmp/hat.ses'...
2026-08-05 19:32:31.613 [main] INFO  Freerouting v1.9.0 (build-date: 2023-10-30)
2026-08-05 19:32:31.633 [main] INFO  Settings were loaded from freerouting.json
2026-08-05 19:32:32.650 [main] INFO  Opening '/tmp/hat.dsn'...
2026-08-05 19:32:33.014 [ForkJoinPool.commonPool-worker-1] INFO  New version available: v2.2.4
2026-08-05 19:32:54.215 [Thread-20] INFO  Starting auto-routing...
2026-08-05 19:32:59.331 [Thread-20] INFO  Auto-routing was completed in 5.12 seconds.
2026-08-05 19:32:59.442 [Thread-20] INFO  Starting route optimization on 1 thread...
2026-08-05 19:34:05.111 [Thread-20] INFO  Route optimization was completed in 1 minute(s) 5.67 seconds and it improved the design by ~50.87%.
2026-08-05 19:34:05.116 [Thread-20] INFO  Saving '/tmp/hat.ses'...
2026-08-05 19:34:52.935 [main] INFO  Freerouting v1.9.0 (build-date: 2023-10-30)
2026-08-05 19:34:52.957 [main] INFO  Settings were loaded from freerouting.json
2026-08-05 19:34:53.971 [main] INFO  Opening '/tmp/hat.dsn'...
2026-08-05 19:34:54.360 [ForkJoinPool.commonPool-worker-1] INFO  New version available: v2.2.4
2026-08-05 19:35:15.664 [Thread-20] INFO  Starting auto-routing...
2026-08-05 19:35:21.851 [Thread-20] INFO  Auto-routing was completed in 6.18 seconds.
2026-08-05 19:35:21.962 [Thread-20] INFO  Starting route optimization on 1 thread...
2026-08-05 19:40:56.290 [Thread-20] INFO  Route optimization was completed in 5 minute(s) 34.33 seconds and it improved the design by ~49.90%.
2026-08-05 19:40:56.295 [Thread-20] INFO  Saving '/tmp/hat.ses'...
2026-08-05 21:37:36.824 [main] INFO  Freerouting v1.9.0 (build-date: 2023-10-30)
2026-08-05 21:37:36.847 [main] INFO  Settings were loaded from freerouting.json
2026-08-05 21:37:37.857 [main] INFO  Opening '/tmp/hat.dsn'...
2026-08-05 21:37:38.322 [ForkJoinPool.commonPool-worker-1] INFO  New version available: v2.2.4
2026-08-05 21:37:44.846 [Thread-20] INFO  Starting auto-routing...
2026-08-05 21:37:51.195 [Thread-20] INFO  Auto-routing was completed in 6.35 seconds.
2026-08-05 21:37:51.300 [Thread-20] INFO  Starting route optimization on 1 thread...
2026-08-05 21:38:52.796 [Thread-20] INFO  Route optimization was completed in 1 minute(s) 1.49 seconds and it improved the design by ~52.14%.
2026-08-05 21:38:52.801 [Thread-20] INFO  Saving '/tmp/hat.ses'...
