ERC report (2026-08-07T20:55:37, Encoding UTF8)
Report includes: Errors, Warnings

***** Sheet /
[pin_to_pin]: Pins of type Power output and Power output are connected
    ; error
    @(170.00 mm, 215.00 mm): Symbol #FLG8 Pin 1 [Power output, Line]
    @(307.62 mm, 115.00 mm): Symbol U11 Pin 2 [VO, Power output, Line]
[endpoint_off_grid]: Symbol pin or wire end off connection grid
    ; warning
    @(24.92 mm, 127.46 mm): Symbol J4 Pin 1 [Pin_1, Passive, Line]
[endpoint_off_grid]: Symbol pin or wire end off connection grid
    ; warning
    @(24.92 mm, 185.00 mm): Symbol J13 Pin 1 [Pin_1, Passive, Line]
[endpoint_off_grid]: Symbol pin or wire end off connection grid
    ; warning
    @(24.92 mm, 210.00 mm): Symbol J14 Pin 1 [Pin_1, Passive, Line]
[footprint_link_issues]: The current configuration does not include the footprint library 'Connector_BarrelJack'
    ; warning
    @(30.00 mm, 40.00 mm): Symbol J1 [Barrel_Jack_Switch]
[lib_symbol_issues]: The current configuration does not include the symbol library 'Connector'
    ; warning
    @(30.00 mm, 40.00 mm): Symbol J1 [Barrel_Jack_Switch]
[footprint_link_issues]: The current configuration does not include the footprint library 'Package_TO_SOT_SMD'
    ; warning
    @(30.00 mm, 90.00 mm): Symbol U6 [TPS54302]
[lib_symbol_issues]: The current configuration does not include the symbol library 'Regulator_Switching'
    ; warning
    @(30.00 mm, 90.00 mm): Symbol U6 [TPS54302]
[endpoint_off_grid]: Symbol pin or wire end off connection grid
    ; warning
    @(30.00 mm, 97.62 mm): Symbol U6 Pin 1 [GND, Power input, Line]
[footprint_link_issues]: The current configuration does not include the footprint library 'TerminalBlock_Phoenix'
    ; warning
    @(30.00 mm, 130.00 mm): Symbol J4 [Conn_01x03]
[lib_symbol_issues]: The current configuration does not include the symbol library 'Connector_Generic'
    ; warning
    @(30.00 mm, 130.00 mm): Symbol J4 [Conn_01x03]
[footprint_link_issues]: The current configuration does not include the footprint library 'TerminalBlock_Phoenix'
    ; warning
    @(30.00 mm, 185.00 mm): Symbol J13 [Conn_01x02]
[lib_symbol_issues]: The current configuration does not include the symbol library 'Connector_Generic'
    ; warning
    @(30.00 mm, 185.00 mm): Symbol J13 [Conn_01x02]
[footprint_link_issues]: The current configuration does not include the footprint library 'TerminalBlock_Phoenix'
    ; warning
    @(30.00 mm, 210.00 mm): Symbol J14 [Conn_01x02]
[lib_symbol_issues]: The current configuration does not include the symbol library 'Connector_Generic'
    ; warning
    @(30.00 mm, 210.00 mm): Symbol J14 [Conn_01x02]
[endpoint_off_grid]: Symbol pin or wire end off connection grid
    ; warning
    @(30.00 mm, 215.00 mm): Symbol #FLG1 Pin 1 [Power output, Line]
[lib_symbol_issues]: The current configuration does not include the symbol library 'power'
    ; warning
    @(30.00 mm, 215.00 mm): Symbol #FLG1 [PWR_FLAG]
[endpoint_off_grid]: Symbol pin or wire end off connection grid
    ; warning
    @(30.00 mm, 236.19 mm): Symbol R19 Pin 1 [Passive, Line]
[footprint_link_issues]: The current configuration does not include the footprint library 'Resistor_SMD'
    ; warning
    @(30.00 mm, 240.00 mm): Symbol R19 [R]
[lib_symbol_issues]: The current configuration does not include the symbol library 'Device'
    ; warning
    @(30.00 mm, 240.00 mm): Symbol R19 [R]
[endpoint_off_grid]: Symbol pin or wire end off connection grid
    ; warning
    @(37.62 mm, 37.46 mm): Symbol J1 Pin 1 [Passive, Line]
[endpoint_off_grid]: Symbol pin or wire end off connection grid
    ; warning
    @(41.19 mm, 240.00 mm): Symbol D12 Pin 1 [K, Passive, Line]
[footprint_link_issues]: The current configuration does not include the footprint library 'LED_SMD'
    ; warning
    @(45.00 mm, 240.00 mm): Symbol D12 [LED]
[lib_symbol_issues]: The current configuration does not include the symbol library 'Device'
    ; warning
    @(45.00 mm, 240.00 mm): Symbol D12 [LED]
[endpoint_off_grid]: Symbol pin or wire end off connection grid
    ; warning
    @(50.00 mm, 215.00 mm): Symbol #FLG2 Pin 1 [Power output, Line]
[lib_symbol_issues]: The current configuration does not include the symbol library 'power'
    ; warning
    @(50.00 mm, 215.00 mm): Symbol #FLG2 [PWR_FLAG]
[endpoint_off_grid]: Symbol pin or wire end off connection grid
    ; warning
    @(51.19 mm, 60.00 mm): Symbol D1 Pin 1 [A1, Passive, Line]
[endpoint_off_grid]: Symbol pin or wire end off connection grid
    ; warning
    @(51.19 mm, 90.00 mm): Symbol D3 Pin 1 [K, Passive, Line]
[endpoint_off_grid]: Symbol pin or wire end off connection grid
    ; warning
    @(55.00 mm, 36.19 mm): Symbol F1 Pin 1 [Passive, Line]
[footprint_link_issues]: The current configuration does not include the footprint library 'Fuse'
    ; warning
    @(55.00 mm, 40.00 mm): Symbol F1 [Polyfuse]
[lib_symbol_issues]: The current configuration does not include the symbol library 'Device'
    ; warning
    @(55.00 mm, 40.00 mm): Symbol F1 [Polyfuse]
[footprint_link_issues]: The current configuration does not include the footprint library 'Diode_SMD'
    ; warning
    @(55.00 mm, 60.00 mm): Symbol D1 [D_TVS]
[lib_symbol_issues]: The current configuration does not include the symbol library 'Device'
    ; warning
    @(55.00 mm, 60.00 mm): Symbol D1 [D_TVS]
[endpoint_off_grid]: Symbol pin or wire end off connection grid
    ; warning
    @(55.00 mm, 81.19 mm): Symbol C7 Pin 1 [Passive, Line]
[footprint_link_issues]: The current configuration does not include the footprint library 'Capacitor_SMD'
    ; warning
    @(55.00 mm, 85.00 mm): Symbol C7 [C]
[lib_symbol_issues]: The current configuration does not include the symbol library 'Device'
    ; warning
    @(55.00 mm, 85.00 mm): Symbol C7 [C]
[footprint_link_issues]: The current configuration does not include the footprint library 'Diode_SMD'
    ; warning
    @(55.00 mm, 90.00 mm): Symbol D3 [D_Schottky]
[lib_symbol_issues]: The current configuration does not include the symbol library 'Device'
    ; warning
    @(55.00 mm, 90.00 mm): Symbol D3 [D_Schottky]
[endpoint_off_grid]: Symbol pin or wire end off connection grid
    ; warning
    @(55.00 mm, 181.19 mm): Symbol R10 Pin 1 [Passive, Line]
[footprint_link_issues]: The current configuration does not include the footprint library 'Resistor_SMD'
    ; warning
    @(55.00 mm, 185.00 mm): Symbol R10 [R]
[lib_symbol_issues]: The current configuration does not include the symbol library 'Device'
    ; warning
    @(55.00 mm, 185.00 mm): Symbol R10 [R]
[endpoint_off_grid]: Symbol pin or wire end off connection grid
    ; warning
    @(55.00 mm, 206.19 mm): Symbol R11 Pin 1 [Passive, Line]
[footprint_link_issues]: The current configuration does not include the footprint library 'Resistor_SMD'
    ; warning
    @(55.00 mm, 210.00 mm): Symbol R11 [R]
[lib_symbol_issues]: The current configuration does not include the symbol library 'Device'
    ; warning
    @(55.00 mm, 210.00 mm): Symbol R11 [R]
[endpoint_off_grid]: Symbol pin or wire end off connection grid
    ; warning
    @(56.19 mm, 155.00 mm): Symbol U5 Pin 1 [A1, Passive, Line]
[endpoint_off_grid]: Symbol pin or wire end off connection grid
    ; warning
    @(60.00 mm, 126.19 mm): Symbol R2 Pin 1 [Passive, Line]
[footprint_link_issues]: The current configuration does not include the footprint library 'Resistor_SMD'
    ; warning
    @(60.00 mm, 130.00 mm): Symbol R2 [R]
[lib_symbol_issues]: The current configuration does not include the symbol library 'Device'
    ; warning
    @(60.00 mm, 130.00 mm): Symbol R2 [R]
[footprint_link_issues]: The current configuration does not include the footprint library 'Diode_SMD'
    ; warning
    @(60.00 mm, 155.00 mm): Symbol U5 [D_TVS]
[lib_symbol_issues]: The current configuration does not include the symbol library 'Device'
    ; warning
    @(60.00 mm, 155.00 mm): Symbol U5 [D_TVS]
[endpoint_off_grid]: Symbol pin or wire end off connection grid
    ; warning
    @(60.00 mm, 236.19 mm): Symbol R20 Pin 1 [Passive, Line]
[footprint_link_issues]: The current configuration does not include the footprint library 'Resistor_SMD'
    ; warning
    @(60.00 mm, 240.00 mm): Symbol R20 [R]
[lib_symbol_issues]: The current configuration does not include the symbol library 'Device'
    ; warning
    @(60.00 mm, 240.00 mm): Symbol R20 [R]
[endpoint_off_grid]: Symbol pin or wire end off connection grid
    ; warning
    @(70.00 mm, 215.00 mm): Symbol #FLG3 Pin 1 [Power output, Line]
[lib_symbol_issues]: The current configuration does not include the symbol library 'power'
    ; warning
    @(70.00 mm, 215.00 mm): Symbol #FLG3 [PWR_FLAG]
[endpoint_off_grid]: Symbol pin or wire end off connection grid
    ; warning
    @(71.19 mm, 240.00 mm): Symbol D13 Pin 1 [K, Passive, Line]
[endpoint_off_grid]: Symbol pin or wire end off connection grid
    ; warning
    @(75.00 mm, 81.19 mm): Symbol L1 Pin 1 [1, Passive, Line]
[footprint_link_issues]: The current configuration does not include the footprint library 'Inductor_SMD'
    ; warning
    @(75.00 mm, 85.00 mm): Symbol L1 [L]
[lib_symbol_issues]: The current configuration does not include the symbol library 'Device'
    ; warning
    @(75.00 mm, 85.00 mm): Symbol L1 [L]
[endpoint_off_grid]: Symbol pin or wire end off connection grid
    ; warning
    @(75.00 mm, 106.19 mm): Symbol R16 Pin 1 [Passive, Line]
[footprint_link_issues]: The current configuration does not include the footprint library 'Resistor_SMD'
    ; warning
    @(75.00 mm, 110.00 mm): Symbol R16 [R]
[lib_symbol_issues]: The current configuration does not include the symbol library 'Device'
    ; warning
    @(75.00 mm, 110.00 mm): Symbol R16 [R]
[endpoint_off_grid]: Symbol pin or wire end off connection grid
    ; warning
    @(75.00 mm, 181.19 mm): Symbol R12 Pin 1 [Passive, Line]
[footprint_link_issues]: The current configuration does not include the footprint library 'Resistor_SMD'
    ; warning
    @(75.00 mm, 185.00 mm): Symbol R12 [R]
[lib_symbol_issues]: The current configuration does not include the symbol library 'Device'
    ; warning
    @(75.00 mm, 185.00 mm): Symbol R12 [R]
[endpoint_off_grid]: Symbol pin or wire end off connection grid
    ; warning
    @(75.00 mm, 206.19 mm): Symbol R13 Pin 1 [Passive, Line]
[footprint_link_issues]: The current configuration does not include the footprint library 'Resistor_SMD'
    ; warning
    @(75.00 mm, 210.00 mm): Symbol R13 [R]
[lib_symbol_issues]: The current configuration does not include the symbol library 'Device'
    ; warning
    @(75.00 mm, 210.00 mm): Symbol R13 [R]
[footprint_link_issues]: The current configuration does not include the footprint library 'LED_SMD'
    ; warning
    @(75.00 mm, 240.00 mm): Symbol D13 [LED]
[lib_symbol_issues]: The current configuration does not include the symbol library 'Device'
    ; warning
    @(75.00 mm, 240.00 mm): Symbol D13 [LED]
[footprint_link_issues]: The current configuration does not include the footprint library 'Package_TO_SOT_SMD'
    ; warning
    @(80.00 mm, 40.00 mm): Symbol Q1 [Q_PMOS]
[lib_symbol_issues]: The current configuration does not include the symbol library 'Device'
    ; warning
    @(80.00 mm, 40.00 mm): Symbol Q1 [Q_PMOS]
[endpoint_off_grid]: Symbol pin or wire end off connection grid
    ; warning
    @(80.00 mm, 56.19 mm): Symbol R1 Pin 1 [Passive, Line]
[footprint_link_issues]: The current configuration does not include the footprint library 'Resistor_SMD'
    ; warning
    @(80.00 mm, 60.00 mm): Symbol R1 [R]
[lib_symbol_issues]: The current configuration does not include the symbol library 'Device'
    ; warning
    @(80.00 mm, 60.00 mm): Symbol R1 [R]
[endpoint_off_grid]: Symbol pin or wire end off connection grid
    ; warning
    @(82.54 mm, 34.92 mm): Symbol Q1 Pin D [D, Passive, Line]
[endpoint_off_grid]: Symbol pin or wire end off connection grid
    ; warning
    @(85.00 mm, 126.19 mm): Symbol C3 Pin 1 [Passive, Line]
[footprint_link_issues]: The current configuration does not include the footprint library 'Capacitor_SMD'
    ; warning
    @(85.00 mm, 130.00 mm): Symbol C3 [C]
[lib_symbol_issues]: The current configuration does not include the symbol library 'Device'
    ; warning
    @(85.00 mm, 130.00 mm): Symbol C3 [C]
[endpoint_off_grid]: Symbol pin or wire end off connection grid
    ; warning
    @(90.00 mm, 106.19 mm): Symbol R17 Pin 1 [Passive, Line]
[footprint_link_issues]: The current configuration does not include the footprint library 'Resistor_SMD'
    ; warning
    @(90.00 mm, 110.00 mm): Symbol R17 [R]
[lib_symbol_issues]: The current configuration does not include the symbol library 'Device'
    ; warning
    @(90.00 mm, 110.00 mm): Symbol R17 [R]
[endpoint_off_grid]: Symbol pin or wire end off connection grid
    ; warning
    @(90.00 mm, 215.00 mm): Symbol #FLG4 Pin 1 [Power output, Line]
[lib_symbol_issues]: The current configuration does not include the symbol library 'power'
    ; warning
    @(90.00 mm, 215.00 mm): Symbol #FLG4 [PWR_FLAG]
[endpoint_off_grid]: Symbol pin or wire end off connection grid
    ; warning
    @(95.00 mm, 81.19 mm): Symbol C8 Pin 1 [Passive, Line]
[footprint_link_issues]: The current configuration does not include the footprint library 'Capacitor_SMD'
    ; warning
    @(95.00 mm, 85.00 mm): Symbol C8 [C]
[lib_symbol_issues]: The current configuration does not include the symbol library 'Device'
    ; warning
    @(95.00 mm, 85.00 mm): Symbol C8 [C]
[endpoint_off_grid]: Symbol pin or wire end off connection grid
    ; warning
    @(95.00 mm, 96.19 mm): Symbol C11 Pin 1 [Passive, Line]
[footprint_link_issues]: The current configuration does not include the footprint library 'Capacitor_SMD'
    ; warning
    @(95.00 mm, 100.00 mm): Symbol C11 [C]
[lib_symbol_issues]: The current configuration does not include the symbol library 'Device'
    ; warning
    @(95.00 mm, 100.00 mm): Symbol C11 [C]
[endpoint_off_grid]: Symbol pin or wire end off connection grid
    ; warning
    @(95.00 mm, 181.19 mm): Symbol C5 Pin 1 [Passive, Line]
[footprint_link_issues]: The current configuration does not include the footprint library 'Capacitor_SMD'
    ; warning
    @(95.00 mm, 185.00 mm): Symbol C5 [C]
[lib_symbol_issues]: The current configuration does not include the symbol library 'Device'
    ; warning
    @(95.00 mm, 185.00 mm): Symbol C5 [C]
[endpoint_off_grid]: Symbol pin or wire end off connection grid
    ; warning
    @(95.00 mm, 206.19 mm): Symbol C6 Pin 1 [Passive, Line]
[footprint_link_issues]: The current configuration does not include the footprint library 'Capacitor_SMD'
    ; warning
    @(95.00 mm, 210.00 mm): Symbol C6 [C]
[lib_symbol_issues]: The current configuration does not include the symbol library 'Device'
    ; warning
    @(95.00 mm, 210.00 mm): Symbol C6 [C]
[endpoint_off_grid]: Symbol pin or wire end off connection grid
    ; warning
    @(95.00 mm, 240.00 mm): Symbol TP1 Pin 1 [1, Passive, Line]
[footprint_link_issues]: The current configuration does not include the footprint library 'TestPoint'
    ; warning
    @(95.00 mm, 240.00 mm): Symbol TP1 [TestPoint]
[lib_symbol_issues]: The current configuration does not include the symbol library 'Connector'
    ; warning
    @(95.00 mm, 240.00 mm): Symbol TP1 [TestPoint]
[endpoint_off_grid]: Symbol pin or wire end off connection grid
    ; warning
    @(105.00 mm, 36.19 mm): Symbol C16 Pin 1 [Passive, Line]
[footprint_link_issues]: The current configuration does not include the footprint library 'Capacitor_SMD'
    ; warning
    @(105.00 mm, 40.00 mm): Symbol C16 [C]
[lib_symbol_issues]: The current configuration does not include the symbol library 'Device'
    ; warning
    @(105.00 mm, 40.00 mm): Symbol C16 [C]
[endpoint_off_grid]: Symbol pin or wire end off connection grid
    ; warning
    @(105.00 mm, 56.19 mm): Symbol C2 Pin 1 [Passive, Line]
[footprint_link_issues]: The current configuration does not include the footprint library 'Capacitor_SMD'
    ; warning
    @(105.00 mm, 60.00 mm): Symbol C2 [C]
[lib_symbol_issues]: The current configuration does not include the symbol library 'Device'
    ; warning
    @(105.00 mm, 60.00 mm): Symbol C2 [C]
[endpoint_off_grid]: Symbol pin or wire end off connection grid
    ; warning
    @(105.00 mm, 106.19 mm): Symbol C17 Pin 1 [Passive, Line]
[footprint_link_issues]: The current configuration does not include the footprint library 'Capacitor_SMD'
    ; warning
    @(105.00 mm, 110.00 mm): Symbol C17 [C]
[lib_symbol_issues]: The current configuration does not include the symbol library 'Device'
    ; warning
    @(105.00 mm, 110.00 mm): Symbol C17 [C]
[endpoint_off_grid]: Symbol pin or wire end off connection grid
    ; warning
    @(110.00 mm, 81.19 mm): Symbol C10 Pin 1 [Passive, Line]
[footprint_link_issues]: The current configuration does not include the footprint library 'Capacitor_SMD'
    ; warning
    @(110.00 mm, 85.00 mm): Symbol C10 [C]
[lib_symbol_issues]: The current configuration does not include the symbol library 'Device'
    ; warning
    @(110.00 mm, 85.00 mm): Symbol C10 [C]
[endpoint_off_grid]: Symbol pin or wire end off connection grid
    ; warning
    @(110.00 mm, 96.19 mm): Symbol C12 Pin 1 [Passive, Line]
[footprint_link_issues]: The current configuration does not include the footprint library 'Capacitor_SMD'
    ; warning
    @(110.00 mm, 100.00 mm): Symbol C12 [C]
[lib_symbol_issues]: The current configuration does not include the symbol library 'Device'
    ; warning
    @(110.00 mm, 100.00 mm): Symbol C12 [C]
[endpoint_off_grid]: Symbol pin or wire end off connection grid
    ; warning
    @(110.00 mm, 215.00 mm): Symbol #FLG5 Pin 1 [Power output, Line]
[lib_symbol_issues]: The current configuration does not include the symbol library 'power'
    ; warning
    @(110.00 mm, 215.00 mm): Symbol #FLG5 [PWR_FLAG]
[endpoint_off_grid]: Symbol pin or wire end off connection grid
    ; warning
    @(110.00 mm, 240.00 mm): Symbol TP2 Pin 1 [1, Passive, Line]
[footprint_link_issues]: The current configuration does not include the footprint library 'TestPoint'
    ; warning
    @(110.00 mm, 240.00 mm): Symbol TP2 [TestPoint]
[lib_symbol_issues]: The current configuration does not include the symbol library 'Connector'
    ; warning
    @(110.00 mm, 240.00 mm): Symbol TP2 [TestPoint]
[endpoint_off_grid]: Symbol pin or wire end off connection grid
    ; warning
    @(120.00 mm, 36.19 mm): Symbol C1 Pin 1 [Passive, Line]
[footprint_link_issues]: The current configuration does not include the footprint library 'Capacitor_SMD'
    ; warning
    @(120.00 mm, 40.00 mm): Symbol C1 [C_Polarized]
[lib_symbol_issues]: The current configuration does not include the symbol library 'Device'
    ; warning
    @(120.00 mm, 40.00 mm): Symbol C1 [C_Polarized]
[endpoint_off_grid]: Symbol pin or wire end off connection grid
    ; warning
    @(125.00 mm, 240.00 mm): Symbol TP3 Pin 1 [1, Passive, Line]
[footprint_link_issues]: The current configuration does not include the footprint library 'TestPoint'
    ; warning
    @(125.00 mm, 240.00 mm): Symbol TP3 [TestPoint]
[lib_symbol_issues]: The current configuration does not include the symbol library 'Connector'
    ; warning
    @(125.00 mm, 240.00 mm): Symbol TP3 [TestPoint]
[endpoint_off_grid]: Symbol pin or wire end off connection grid
    ; warning
    @(130.00 mm, 215.00 mm): Symbol #FLG6 Pin 1 [Power output, Line]
[lib_symbol_issues]: The current configuration does not include the symbol library 'power'
    ; warning
    @(130.00 mm, 215.00 mm): Symbol #FLG6 [PWR_FLAG]
[endpoint_off_grid]: Symbol pin or wire end off connection grid
    ; warning
    @(139.84 mm, 157.46 mm): Symbol U4 Pin 1 [A0, Input, Line]
[endpoint_off_grid]: Symbol pin or wire end off connection grid
    ; warning
    @(140.00 mm, 240.00 mm): Symbol TP4 Pin 1 [1, Passive, Line]
[footprint_link_issues]: The current configuration does not include the footprint library 'TestPoint'
    ; warning
    @(140.00 mm, 240.00 mm): Symbol TP4 [TestPoint]
[lib_symbol_issues]: The current configuration does not include the symbol library 'Connector'
    ; warning
    @(140.00 mm, 240.00 mm): Symbol TP4 [TestPoint]
[footprint_link_issues]: The current configuration does not include the footprint library 'Package_SO'
    ; warning
    @(150.00 mm, 160.00 mm): Symbol U4 [24LC16]
[lib_symbol_issues]: The current configuration does not include the symbol library 'Memory_EEPROM'
    ; warning
    @(150.00 mm, 160.00 mm): Symbol U4 [24LC16]
[endpoint_off_grid]: Symbol pin or wire end off connection grid
    ; warning
    @(150.00 mm, 181.19 mm): Symbol C4 Pin 1 [Passive, Line]
[footprint_link_issues]: The current configuration does not include the footprint library 'Capacitor_SMD'
    ; warning
    @(150.00 mm, 185.00 mm): Symbol C4 [C]
[lib_symbol_issues]: The current configuration does not include the symbol library 'Device'
    ; warning
    @(150.00 mm, 185.00 mm): Symbol C4 [C]
[endpoint_off_grid]: Symbol pin or wire end off connection grid
    ; warning
    @(150.00 mm, 215.00 mm): Symbol #FLG7 Pin 1 [Power output, Line]
[lib_symbol_issues]: The current configuration does not include the symbol library 'power'
    ; warning
    @(150.00 mm, 215.00 mm): Symbol #FLG7 [PWR_FLAG]
[footprint_link_issues]: The current configuration does not include the footprint library 'Connector_PinSocket_2.54mm'
    ; warning
    @(170.00 mm, 70.00 mm): Symbol J3 [Raspberry_Pi_2_3]
[lib_symbol_issues]: The current configuration does not include the symbol library 'Connector'
    ; warning
    @(170.00 mm, 70.00 mm): Symbol J3 [Raspberry_Pi_2_3]
[endpoint_off_grid]: Symbol pin or wire end off connection grid
    ; warning
    @(170.00 mm, 215.00 mm): Symbol #FLG8 Pin 1 [Power output, Line]
[lib_symbol_issues]: The current configuration does not include the symbol library 'power'
    ; warning
    @(170.00 mm, 215.00 mm): Symbol #FLG8 [PWR_FLAG]
[endpoint_off_grid]: Symbol pin or wire end off connection grid
    ; warning
    @(175.08 mm, 36.98 mm): Symbol J3 Pin 1 [3V3, Power input, Line]
[endpoint_off_grid]: Symbol pin or wire end off connection grid
    ; warning
    @(180.00 mm, 141.19 mm): Symbol R3 Pin 1 [Passive, Line]
[footprint_link_issues]: The current configuration does not include the footprint library 'Resistor_SMD'
    ; warning
    @(180.00 mm, 145.00 mm): Symbol R3 [R]
[lib_symbol_issues]: The current configuration does not include the symbol library 'Device'
    ; warning
    @(180.00 mm, 145.00 mm): Symbol R3 [R]
[endpoint_off_grid]: Symbol pin or wire end off connection grid
    ; warning
    @(180.00 mm, 171.19 mm): Symbol R9 Pin 1 [Passive, Line]
[footprint_link_issues]: The current configuration does not include the footprint library 'Resistor_SMD'
    ; warning
    @(180.00 mm, 175.00 mm): Symbol R9 [R]
[lib_symbol_issues]: The current configuration does not include the symbol library 'Device'
    ; warning
    @(180.00 mm, 175.00 mm): Symbol R9 [R]
[endpoint_off_grid]: Symbol pin or wire end off connection grid
    ; warning
    @(189.92 mm, 175.00 mm): Symbol JP2 Pin 1 [A, Passive, Line]
[endpoint_off_grid]: Symbol pin or wire end off connection grid
    ; warning
    @(190.00 mm, 215.00 mm): Symbol #FLG9 Pin 1 [Power output, Line]
[lib_symbol_issues]: The current configuration does not include the symbol library 'power'
    ; warning
    @(190.00 mm, 215.00 mm): Symbol #FLG9 [PWR_FLAG]
[endpoint_off_grid]: Symbol pin or wire end off connection grid
    ; warning
    @(195.00 mm, 141.19 mm): Symbol R4 Pin 1 [Passive, Line]
[footprint_link_issues]: The current configuration does not include the footprint library 'Resistor_SMD'
    ; warning
    @(195.00 mm, 145.00 mm): Symbol R4 [R]
[lib_symbol_issues]: The current configuration does not include the symbol library 'Device'
    ; warning
    @(195.00 mm, 145.00 mm): Symbol R4 [R]
[footprint_link_issues]: The current configuration does not include the footprint library 'Jumper'
    ; warning
    @(195.00 mm, 175.00 mm): Symbol JP2 [SolderJumper_2_Open]
[lib_symbol_issues]: The current configuration does not include the symbol library 'Jumper'
    ; warning
    @(195.00 mm, 175.00 mm): Symbol JP2 [SolderJumper_2_Open]
[endpoint_off_grid]: Symbol pin or wire end off connection grid
    ; warning
    @(215.00 mm, 191.19 mm): Symbol R22 Pin 1 [Passive, Line]
[footprint_link_issues]: The current configuration does not include the footprint library 'Resistor_SMD'
    ; warning
    @(215.00 mm, 195.00 mm): Symbol R22 [R]
[lib_symbol_issues]: The current configuration does not include the symbol library 'Device'
    ; warning
    @(215.00 mm, 195.00 mm): Symbol R22 [R]
[endpoint_off_grid]: Symbol pin or wire end off connection grid
    ; warning
    @(215.00 mm, 201.19 mm): Symbol R23 Pin 1 [Passive, Line]
[footprint_link_issues]: The current configuration does not include the footprint library 'Resistor_SMD'
    ; warning
    @(215.00 mm, 205.00 mm): Symbol R23 [R]
[lib_symbol_issues]: The current configuration does not include the symbol library 'Device'
    ; warning
    @(215.00 mm, 205.00 mm): Symbol R23 [R]
[endpoint_off_grid]: Symbol pin or wire end off connection grid
    ; warning
    @(225.00 mm, 96.19 mm): Symbol R5 Pin 1 [Passive, Line]
[footprint_link_issues]: The current configuration does not include the footprint library 'Resistor_SMD'
    ; warning
    @(225.00 mm, 100.00 mm): Symbol R5 [R]
[lib_symbol_issues]: The current configuration does not include the symbol library 'Device'
    ; warning
    @(225.00 mm, 100.00 mm): Symbol R5 [R]
[endpoint_off_grid]: Symbol pin or wire end off connection grid
    ; warning
    @(225.00 mm, 116.19 mm): Symbol R6 Pin 1 [Passive, Line]
[footprint_link_issues]: The current configuration does not include the footprint library 'Resistor_SMD'
    ; warning
    @(225.00 mm, 120.00 mm): Symbol R6 [R]
[lib_symbol_issues]: The current configuration does not include the symbol library 'Device'
    ; warning
    @(225.00 mm, 120.00 mm): Symbol R6 [R]
[endpoint_off_grid]: Symbol pin or wire end off connection grid
    ; warning
    @(225.00 mm, 136.19 mm): Symbol R7 Pin 1 [Passive, Line]
[footprint_link_issues]: The current configuration does not include the footprint library 'Resistor_SMD'
    ; warning
    @(225.00 mm, 140.00 mm): Symbol R7 [R]
[lib_symbol_issues]: The current configuration does not include the symbol library 'Device'
    ; warning
    @(225.00 mm, 140.00 mm): Symbol R7 [R]
[endpoint_off_grid]: Symbol pin or wire end off connection grid
    ; warning
    @(225.00 mm, 156.19 mm): Symbol R8 Pin 1 [Passive, Line]
[footprint_link_issues]: The current configuration does not include the footprint library 'Resistor_SMD'
    ; warning
    @(225.00 mm, 160.00 mm): Symbol R8 [R]
[lib_symbol_issues]: The current configuration does not include the symbol library 'Device'
    ; warning
    @(225.00 mm, 160.00 mm): Symbol R8 [R]
[endpoint_off_grid]: Symbol pin or wire end off connection grid
    ; warning
    @(229.84 mm, 39.92 mm): Symbol U2 Pin 1 [I1, Input, Line]
[footprint_link_issues]: The current configuration does not include the footprint library 'Package_SO'
    ; warning
    @(240.00 mm, 45.00 mm): Symbol U2 [ULN2003]
[lib_symbol_issues]: The current configuration does not include the symbol library 'Transistor_Array'
    ; warning
    @(240.00 mm, 45.00 mm): Symbol U2 [ULN2003]
[footprint_link_issues]: The current configuration does not include the footprint library 'Package_SO'
    ; warning
    @(240.00 mm, 200.00 mm): Symbol U7 [ADS1115IDGS]
[lib_symbol_issues]: The current configuration does not include the symbol library 'Analog_ADC'
    ; warning
    @(240.00 mm, 200.00 mm): Symbol U7 [ADS1115IDGS]
[endpoint_off_grid]: Symbol pin or wire end off connection grid
    ; warning
    @(240.00 mm, 216.19 mm): Symbol C18 Pin 1 [Passive, Line]
[footprint_link_issues]: The current configuration does not include the footprint library 'Capacitor_SMD'
    ; warning
    @(240.00 mm, 220.00 mm): Symbol C18 [C]
[lib_symbol_issues]: The current configuration does not include the symbol library 'Device'
    ; warning
    @(240.00 mm, 220.00 mm): Symbol C18 [C]
[endpoint_off_grid]: Symbol pin or wire end off connection grid
    ; warning
    @(246.19 mm, 100.00 mm): Symbol D5 Pin 1 [K, Passive, Line]
[endpoint_off_grid]: Symbol pin or wire end off connection grid
    ; warning
    @(246.19 mm, 120.00 mm): Symbol D6 Pin 1 [K, Passive, Line]
[endpoint_off_grid]: Symbol pin or wire end off connection grid
    ; warning
    @(246.19 mm, 140.00 mm): Symbol D7 Pin 1 [K, Passive, Line]
[endpoint_off_grid]: Symbol pin or wire end off connection grid
    ; warning
    @(246.19 mm, 160.00 mm): Symbol D8 Pin 1 [K, Passive, Line]
[footprint_link_issues]: The current configuration does not include the footprint library 'LED_SMD'
    ; warning
    @(250.00 mm, 100.00 mm): Symbol D5 [LED]
[lib_symbol_issues]: The current configuration does not include the symbol library 'Device'
    ; warning
    @(250.00 mm, 100.00 mm): Symbol D5 [LED]
[footprint_link_issues]: The current configuration does not include the footprint library 'LED_SMD'
    ; warning
    @(250.00 mm, 120.00 mm): Symbol D6 [LED]
[lib_symbol_issues]: The current configuration does not include the symbol library 'Device'
    ; warning
    @(250.00 mm, 120.00 mm): Symbol D6 [LED]
[footprint_link_issues]: The current configuration does not include the footprint library 'LED_SMD'
    ; warning
    @(250.00 mm, 140.00 mm): Symbol D7 [LED]
[lib_symbol_issues]: The current configuration does not include the symbol library 'Device'
    ; warning
    @(250.00 mm, 140.00 mm): Symbol D7 [LED]
[footprint_link_issues]: The current configuration does not include the footprint library 'LED_SMD'
    ; warning
    @(250.00 mm, 160.00 mm): Symbol D8 [LED]
[lib_symbol_issues]: The current configuration does not include the symbol library 'Device'
    ; warning
    @(250.00 mm, 160.00 mm): Symbol D8 [LED]
[endpoint_off_grid]: Symbol pin or wire end off connection grid
    ; warning
    @(250.16 mm, 205.08 mm): Symbol U7 Pin 1 [ADDR, Input, Line]
[endpoint_off_grid]: Symbol pin or wire end off connection grid
    ; warning
    @(274.92 mm, 87.46 mm): Symbol PS1 Pin 1 [Pin_1, Passive, Line]
[endpoint_off_grid]: Symbol pin or wire end off connection grid
    ; warning
    @(274.92 mm, 150.00 mm): Symbol J15 Pin 1 [In, Passive, Line]
[footprint_link_issues]: The current configuration does not include the footprint library 'ExoPet'
    ; warning
    @(280.00 mm, 90.00 mm): Symbol PS1 [Conn_01x04]
[lib_symbol_issues]: The current configuration does not include the symbol library 'Connector_Generic'
    ; warning
    @(280.00 mm, 90.00 mm): Symbol PS1 [Conn_01x04]
[endpoint_off_grid]: Symbol pin or wire end off connection grid
    ; warning
    @(280.00 mm, 106.19 mm): Symbol C27 Pin 1 [Passive, Line]
[footprint_link_issues]: The current configuration does not include the footprint library 'Capacitor_SMD'
    ; warning
    @(280.00 mm, 110.00 mm): Symbol C27 [C]
[lib_symbol_issues]: The current configuration does not include the symbol library 'Device'
    ; warning
    @(280.00 mm, 110.00 mm): Symbol C27 [C]
[footprint_link_issues]: The current configuration does not include the footprint library 'Connector_Coaxial'
    ; warning
    @(280.00 mm, 150.00 mm): Symbol J15 [Conn_Coaxial]
[lib_symbol_issues]: The current configuration does not include the symbol library 'Connector'
    ; warning
    @(280.00 mm, 150.00 mm): Symbol J15 [Conn_Coaxial]
[footprint_link_issues]: The current configuration does not include the footprint library 'Relay_THT'
    ; warning
    @(290.00 mm, 40.00 mm): Symbol K1 [G5LE-1]
[lib_symbol_issues]: The current configuration does not include the symbol library 'Relay'
    ; warning
    @(290.00 mm, 40.00 mm): Symbol K1 [G5LE-1]
[footprint_link_issues]: The current configuration does not include the footprint library 'Relay_THT'
    ; warning
    @(290.00 mm, 80.00 mm): Symbol K2 [G5LE-1]
[lib_symbol_issues]: The current configuration does not include the symbol library 'Relay'
    ; warning
    @(290.00 mm, 80.00 mm): Symbol K2 [G5LE-1]
[footprint_link_issues]: The current configuration does not include the footprint library 'Relay_THT'
    ; warning
    @(290.00 mm, 120.00 mm): Symbol K3 [G5LE-1]
[lib_symbol_issues]: The current configuration does not include the symbol library 'Relay'
    ; warning
    @(290.00 mm, 120.00 mm): Symbol K3 [G5LE-1]
[footprint_link_issues]: The current configuration does not include the footprint library 'Relay_THT'
    ; warning
    @(290.00 mm, 160.00 mm): Symbol K4 [G5LE-1]
[lib_symbol_issues]: The current configuration does not include the symbol library 'Relay'
    ; warning
    @(290.00 mm, 160.00 mm): Symbol K4 [G5LE-1]
[endpoint_off_grid]: Symbol pin or wire end off connection grid
    ; warning
    @(295.08 mm, 47.62 mm): Symbol K1 Pin 1 [Passive, Line]
[endpoint_off_grid]: Symbol pin or wire end off connection grid
    ; warning
    @(295.08 mm, 87.62 mm): Symbol K2 Pin 1 [Passive, Line]
[endpoint_off_grid]: Symbol pin or wire end off connection grid
    ; warning
    @(295.08 mm, 127.62 mm): Symbol K3 Pin 1 [Passive, Line]
[endpoint_off_grid]: Symbol pin or wire end off connection grid
    ; warning
    @(295.08 mm, 167.62 mm): Symbol K4 Pin 1 [Passive, Line]
[endpoint_off_grid]: Symbol pin or wire end off connection grid
    ; warning
    @(299.84 mm, 87.46 mm): Symbol U9 Pin 1 [VCC1, Power input, Line]
[footprint_link_issues]: The current configuration does not include the footprint library 'Package_TO_SOT_SMD'
    ; warning
    @(300.00 mm, 115.00 mm): Symbol U11 [AMS1117-3.3]
[lib_symbol_issues]: The current configuration does not include the symbol library 'Regulator_Linear'
    ; warning
    @(300.00 mm, 115.00 mm): Symbol U11 [AMS1117-3.3]
[endpoint_off_grid]: Symbol pin or wire end off connection grid
    ; warning
    @(300.00 mm, 122.62 mm): Symbol U11 Pin 1 [GND, Power input, Line]
[endpoint_off_grid]: Symbol pin or wire end off connection grid
    ; warning
    @(300.00 mm, 131.19 mm): Symbol C28 Pin 1 [Passive, Line]
[footprint_link_issues]: The current configuration does not include the footprint library 'Capacitor_SMD'
    ; warning
    @(300.00 mm, 135.00 mm): Symbol C28 [C]
[lib_symbol_issues]: The current configuration does not include the symbol library 'Device'
    ; warning
    @(300.00 mm, 135.00 mm): Symbol C28 [C]
[footprint_link_issues]: The current configuration does not include the footprint library 'Package_SO'
    ; warning
    @(310.00 mm, 90.00 mm): Symbol U9 [ISO1540]
[lib_symbol_issues]: The current configuration does not include the symbol library 'Isolator'
    ; warning
    @(310.00 mm, 90.00 mm): Symbol U9 [ISO1540]
[endpoint_off_grid]: Symbol pin or wire end off connection grid
    ; warning
    @(310.00 mm, 106.19 mm): Symbol C20 Pin 1 [Passive, Line]
[footprint_link_issues]: The current configuration does not include the footprint library 'Capacitor_SMD'
    ; warning
    @(310.00 mm, 110.00 mm): Symbol C20 [C]
[lib_symbol_issues]: The current configuration does not include the symbol library 'Device'
    ; warning
    @(310.00 mm, 110.00 mm): Symbol C20 [C]
[footprint_link_issues]: The current configuration does not include the footprint library 'Package_SO'
    ; warning
    @(310.00 mm, 150.00 mm): Symbol U10 [MCP6002-xSN]
[lib_symbol_issues]: The current configuration does not include the symbol library 'Amplifier_Operational'
    ; warning
    @(310.00 mm, 150.00 mm): Symbol U10 [MCP6002-xSN]
[endpoint_off_grid]: Symbol pin or wire end off connection grid
    ; warning
    @(315.00 mm, 36.19 mm): Symbol F2 Pin 1 [Passive, Line]
[footprint_link_issues]: The current configuration does not include the footprint library 'Fuse'
    ; warning
    @(315.00 mm, 40.00 mm): Symbol F2 [Polyfuse]
[lib_symbol_issues]: The current configuration does not include the symbol library 'Device'
    ; warning
    @(315.00 mm, 40.00 mm): Symbol F2 [Polyfuse]
[endpoint_off_grid]: Symbol pin or wire end off connection grid
    ; warning
    @(315.00 mm, 76.19 mm): Symbol F3 Pin 1 [Passive, Line]
[footprint_link_issues]: The current configuration does not include the footprint library 'Fuse'
    ; warning
    @(315.00 mm, 80.00 mm): Symbol F3 [Polyfuse]
[lib_symbol_issues]: The current configuration does not include the symbol library 'Device'
    ; warning
    @(315.00 mm, 80.00 mm): Symbol F3 [Polyfuse]
[endpoint_off_grid]: Symbol pin or wire end off connection grid
    ; warning
    @(315.00 mm, 116.19 mm): Symbol F4 Pin 1 [Passive, Line]
[footprint_link_issues]: The current configuration does not include the footprint library 'Fuse'
    ; warning
    @(315.00 mm, 120.00 mm): Symbol F4 [Polyfuse]
[lib_symbol_issues]: The current configuration does not include the symbol library 'Device'
    ; warning
    @(315.00 mm, 120.00 mm): Symbol F4 [Polyfuse]
[endpoint_off_grid]: Symbol pin or wire end off connection grid
    ; warning
    @(317.62 mm, 150.00 mm): Symbol U10 Pin 1 [Output, Line]
[endpoint_off_grid]: Symbol pin or wire end off connection grid
    ; warning
    @(330.00 mm, 66.19 mm): Symbol R26 Pin 1 [Passive, Line]
[footprint_link_issues]: The current configuration does not include the footprint library 'Resistor_SMD'
    ; warning
    @(330.00 mm, 70.00 mm): Symbol R26 [R]
[lib_symbol_issues]: The current configuration does not include the symbol library 'Device'
    ; warning
    @(330.00 mm, 70.00 mm): Symbol R26 [R]
[endpoint_off_grid]: Symbol pin or wire end off connection grid
    ; warning
    @(330.00 mm, 106.19 mm): Symbol C21 Pin 1 [Passive, Line]
[footprint_link_issues]: The current configuration does not include the footprint library 'Capacitor_SMD'
    ; warning
    @(330.00 mm, 110.00 mm): Symbol C21 [C]
[lib_symbol_issues]: The current configuration does not include the symbol library 'Device'
    ; warning
    @(330.00 mm, 110.00 mm): Symbol C21 [C]
[endpoint_off_grid]: Symbol pin or wire end off connection grid
    ; warning
    @(334.92 mm, 157.46 mm): Symbol J11 Pin 1 [Pin_1, Passive, Line]
[endpoint_off_grid]: Symbol pin or wire end off connection grid
    ; warning
    @(336.19 mm, 40.00 mm): Symbol D9 Pin 1 [K, Passive, Line]
[endpoint_off_grid]: Symbol pin or wire end off connection grid
    ; warning
    @(336.19 mm, 80.00 mm): Symbol D10 Pin 1 [K, Passive, Line]
[endpoint_off_grid]: Symbol pin or wire end off connection grid
    ; warning
    @(336.19 mm, 120.00 mm): Symbol D11 Pin 1 [K, Passive, Line]
[footprint_link_issues]: The current configuration does not include the footprint library 'Diode_SMD'
    ; warning
    @(340.00 mm, 40.00 mm): Symbol D9 [D_Schottky]
[lib_symbol_issues]: The current configuration does not include the symbol library 'Device'
    ; warning
    @(340.00 mm, 40.00 mm): Symbol D9 [D_Schottky]
[footprint_link_issues]: The current configuration does not include the footprint library 'Diode_SMD'
    ; warning
    @(340.00 mm, 80.00 mm): Symbol D10 [D_Schottky]
[lib_symbol_issues]: The current configuration does not include the symbol library 'Device'
    ; warning
    @(340.00 mm, 80.00 mm): Symbol D10 [D_Schottky]
[footprint_link_issues]: The current configuration does not include the footprint library 'Diode_SMD'
    ; warning
    @(340.00 mm, 120.00 mm): Symbol D11 [D_Schottky]
[lib_symbol_issues]: The current configuration does not include the symbol library 'Device'
    ; warning
    @(340.00 mm, 120.00 mm): Symbol D11 [D_Schottky]
[endpoint_off_grid]: Symbol pin or wire end off connection grid
    ; warning
    @(340.00 mm, 136.19 mm): Symbol R24 Pin 1 [Passive, Line]
[footprint_link_issues]: The current configuration does not include the footprint library 'Resistor_SMD'
    ; warning
    @(340.00 mm, 140.00 mm): Symbol R24 [R]
[lib_symbol_issues]: The current configuration does not include the symbol library 'Device'
    ; warning
    @(340.00 mm, 140.00 mm): Symbol R24 [R]
[endpoint_off_grid]: Symbol pin or wire end off connection grid
    ; warning
    @(340.00 mm, 156.19 mm): Symbol R25 Pin 1 [Passive, Line]
[footprint_link_issues]: The current configuration does not include the footprint library 'Resistor_SMD'
    ; warning
    @(340.00 mm, 160.00 mm): Symbol R25 [R]
[footprint_link_issues]: The current configuration does not include the footprint library 'TerminalBlock_Phoenix'
    ; warning
    @(340.00 mm, 160.00 mm): Symbol J11 [Conn_01x03]
[lib_symbol_issues]: The current configuration does not include the symbol library 'Device'
    ; warning
    @(340.00 mm, 160.00 mm): Symbol R25 [R]
[lib_symbol_issues]: The current configuration does not include the symbol library 'Connector_Generic'
    ; warning
    @(340.00 mm, 160.00 mm): Symbol J11 [Conn_01x03]
[endpoint_off_grid]: Symbol pin or wire end off connection grid
    ; warning
    @(342.38 mm, 147.46 mm): Symbol U10 Pin 5 [+, Input, Line]
[endpoint_off_grid]: Symbol pin or wire end off connection grid
    ; warning
    @(345.00 mm, 66.19 mm): Symbol R27 Pin 1 [Passive, Line]
[footprint_link_issues]: The current configuration does not include the footprint library 'Resistor_SMD'
    ; warning
    @(345.00 mm, 70.00 mm): Symbol R27 [R]
[lib_symbol_issues]: The current configuration does not include the symbol library 'Device'
    ; warning
    @(345.00 mm, 70.00 mm): Symbol R27 [R]
[endpoint_off_grid]: Symbol pin or wire end off connection grid
    ; warning
    @(350.00 mm, 106.19 mm): Symbol C22 Pin 1 [Passive, Line]
[footprint_link_issues]: The current configuration does not include the footprint library 'Capacitor_SMD'
    ; warning
    @(350.00 mm, 110.00 mm): Symbol C22 [C]
[lib_symbol_issues]: The current configuration does not include the symbol library 'Device'
    ; warning
    @(350.00 mm, 110.00 mm): Symbol C22 [C]
[footprint_link_issues]: The current configuration does not include the footprint library 'Package_SO'
    ; warning
    @(350.00 mm, 150.00 mm): Symbol U10 [MCP6002-xSN]
[lib_symbol_issues]: The current configuration does not include the symbol library 'Amplifier_Operational'
    ; warning
    @(350.00 mm, 150.00 mm): Symbol U10 [MCP6002-xSN]
[endpoint_off_grid]: Symbol pin or wire end off connection grid
    ; warning
    @(355.00 mm, 146.19 mm): Symbol C26 Pin 1 [Passive, Line]
[footprint_link_issues]: The current configuration does not include the footprint library 'Capacitor_SMD'
    ; warning
    @(355.00 mm, 150.00 mm): Symbol C26 [C]
[lib_symbol_issues]: The current configuration does not include the symbol library 'Device'
    ; warning
    @(355.00 mm, 150.00 mm): Symbol C26 [C]
[endpoint_off_grid]: Symbol pin or wire end off connection grid
    ; warning
    @(359.92 mm, 40.00 mm): Symbol J8 Pin 1 [Pin_1, Passive, Line]
[endpoint_off_grid]: Symbol pin or wire end off connection grid
    ; warning
    @(359.92 mm, 80.00 mm): Symbol J9 Pin 1 [Pin_1, Passive, Line]
[endpoint_off_grid]: Symbol pin or wire end off connection grid
    ; warning
    @(359.92 mm, 120.00 mm): Symbol J10 Pin 1 [Pin_1, Passive, Line]
[footprint_link_issues]: The current configuration does not include the footprint library 'TerminalBlock_Phoenix'
    ; warning
    @(365.00 mm, 40.00 mm): Symbol J8 [Conn_01x02]
[lib_symbol_issues]: The current configuration does not include the symbol library 'Connector_Generic'
    ; warning
    @(365.00 mm, 40.00 mm): Symbol J8 [Conn_01x02]
[footprint_link_issues]: The current configuration does not include the footprint library 'TerminalBlock_Phoenix'
    ; warning
    @(365.00 mm, 80.00 mm): Symbol J9 [Conn_01x02]
[lib_symbol_issues]: The current configuration does not include the symbol library 'Connector_Generic'
    ; warning
    @(365.00 mm, 80.00 mm): Symbol J9 [Conn_01x02]
[footprint_link_issues]: The current configuration does not include the footprint library 'TerminalBlock_Phoenix'
    ; warning
    @(365.00 mm, 120.00 mm): Symbol J10 [Conn_01x02]
[lib_symbol_issues]: The current configuration does not include the symbol library 'Connector_Generic'
    ; warning
    @(365.00 mm, 120.00 mm): Symbol J10 [Conn_01x02]
[footprint_link_issues]: The current configuration does not include the footprint library 'Package_SO'
    ; warning
    @(380.00 mm, 150.00 mm): Symbol U8 [ADS1115IDGS]
[lib_symbol_issues]: The current configuration does not include the symbol library 'Analog_ADC'
    ; warning
    @(380.00 mm, 150.00 mm): Symbol U8 [ADS1115IDGS]
[endpoint_off_grid]: Symbol pin or wire end off connection grid
    ; warning
    @(380.00 mm, 166.19 mm): Symbol C25 Pin 1 [Passive, Line]
[footprint_link_issues]: The current configuration does not include the footprint library 'Capacitor_SMD'
    ; warning
    @(380.00 mm, 170.00 mm): Symbol C25 [C]
[lib_symbol_issues]: The current configuration does not include the symbol library 'Device'
    ; warning
    @(380.00 mm, 170.00 mm): Symbol C25 [C]
[endpoint_off_grid]: Symbol pin or wire end off connection grid
    ; warning
    @(387.46 mm, 157.62 mm): Symbol U10 Pin 4 [V-, Power input, Line]
[footprint_link_issues]: The current configuration does not include the footprint library 'Package_SO'
    ; warning
    @(390.00 mm, 150.00 mm): Symbol U10 [MCP6002-xSN]
[lib_symbol_issues]: The current configuration does not include the symbol library 'Amplifier_Operational'
    ; warning
    @(390.00 mm, 150.00 mm): Symbol U10 [MCP6002-xSN]
[endpoint_off_grid]: Symbol pin or wire end off connection grid
    ; warning
    @(390.16 mm, 155.08 mm): Symbol U8 Pin 1 [ADDR, Input, Line]

 ** ERC messages: 295  Errors 1  Warnings 294

 ** Ignored checks:
    - Global label only appears once in the schematic
    - Four connection points are joined together
    - SPICE model issue
    - Assigned footprint doesn't match footprint filters
