** Drc report for exopet-hat.kicad_pcb **
** Created on 2026-08-06T22:56:35 **
** Report includes: Errors **

** Found 2 DRC violations **
[clearance]: Clearance violation ( clearance 0.2000 mm; actual 0.0550 mm)
    Local override; error
    @(15.2000 mm, 44.3500 mm): Pad 1 [+5V] of D3 on B.Cu
    @(19.8300 mm, 24.3000 mm): Track [+3V3] on B.Cu, length 20.9200 mm
[clearance]: Clearance violation ( clearance 0.2000 mm; actual 0.0550 mm)
    Local override; error
    @(15.2000 mm, 44.3500 mm): Pad 1 [+5V] of D3 on B.Cu
    @(19.8300 mm, 3.4500 mm): Track [+3V3] on B.Cu, length 20.8500 mm

** Found 0 unconnected pads **

** Found 0 Footprint errors **

** Ignored checks **
    - Footprint has no courtyard defined
    - Track endpoint not centered on via
    - Tuning profile track geometries
    - Footprint doesn't match symbol's footprint filters
    - Footprint component type doesn't match footprint pads

** End of Report **
